<?xml version="1.0" encoding="utf-8"?>
<TestRun id="b7eb892c-db09-4df0-9813-b92281f26137" name="Admin@LAPTOP-HOHCFMQ9 2026-10-05 20:40:54" runUser="LAPTOP-HOHCFMQ9\Admin" xmlns="http://microsoft.com/schemas/VisualStudio/TeamTest/2010">
  <Times creation="2026-10-05T20:40:54.9021291+13:00" queuing="2026-10-05T20:40:54.9021300+13:00" start="2026-10-05T20:33:24.4658724+13:00" finish="2026-10-05T20:40:54.9048358+13:00" />
  <TestSettings name="default" id="c507d558-afdc-4d40-a362-b90fa952c4d4">
    <Deployment runDeploymentRoot="Admin_LAPTOP-HOHCFMQ9_2026-10-05_20_40_54" />
  </TestSettings>
  <TestLists>
    <TestList name="Results Not in a List" id="8c84fa94-04c1-424b-9868-57a2d4851a1d" />
    <TestList name="All Loaded Results" id="19431567-8539-422a-85d7-44ee4e166bda" />
  </TestLists>
  <ResultSummary outcome="Failed">
    <Counters total="0" executed="0" passed="0" failed="0" error="0" timeout="0" aborted="0" inconclusive="0" passedButRunAborted="0" notRunnable="0" notExecuted="0" disconnected="0" warning="0" completed="0" inProgress="0" pending="0" />
    <Output>
      <StdOut>Waiting for debugger attach...&#xD;
Process Id: 7896, Name: testhost&#xD;
</StdOut>
    </Output>
    <RunInfos>
      <RunInfo computerName="LAPTOP-HOHCFMQ9" outcome="Error" timestamp="2026-10-05T20:40:54.6741610+13:00">
        <Text>vstest.console process failed to connect to testhost process after 450 seconds. This may occur due to machine slowness, please set environment variable VSTEST_CONNECTION_TIMEOUT to increase timeout. The process with id 7896 was still running when this message was reported.</Text>
      </RunInfo>
    </RunInfos>
  </ResultSummary>
</TestRun>